
> zervix@0.1.0 build
> next build

Γû▓ Next.js 16.1.6 (Turbopack)

  Creating an optimized production build ...
Γ£ô Compiled successfully in 2.1s
  Running TypeScript ...
  Collecting page data using 7 workers ...
  Generating static pages using 7 workers (0/8) ...
node.exe : Error 
occurred prerendering 
page "/auth/login". 
Read more: https://nex
tjs.org/docs/messages/
prerender-error
At line:1 char:1
+ & "C:\Program Files\
nodejs/node.exe" 
"C:\Program 
Files\nodejs/node_mo 
...
+ ~~~~~~~~~~~~~~~~~~~~
~~~~~~~~~~~~~~~~~~~~~~
~~~~~~~~~~~~~~~~~~~~~~
~~~~~
    + CategoryInfo    
          : NotSpeci  
  fied: (Error occu   
 rred ...prerender    
-error:String) []    
, RemoteException
    + FullyQualifiedE 
   rrorId : NativeCo  
  mmandError
 
Error: Event handlers 
cannot be passed to 
Client Component 
props.
  {href: ..., style: 
..., onMouseOver: 
function onMouseOver, 
onMouseOut: ..., 
children: ...}
                      
                 
^^^^^^^^^^^^^^^^^^^^
If you need 
interactivity, 
consider converting 
part of this to a 
Client Component.
    at stringify 
(<anonymous>) {
  digest: '2797826155'
}
Export encountered an 
error on 
/auth/login/page: 
/auth/login, exiting 
the build.
Γ¿» Next.js build 
worker exited with 
code: 1 and signal: 
null
